
> save-my-conference-next-samev9@1.0.0 build
> prisma generate && next build

Prisma schema loaded from prisma\schema.prisma

Γ£ö Generated Prisma Client (v6.19.2) to .\node_modules\@prisma\client in 74ms

Start by importing your Prisma Client (See: https://pris.ly/d/importing-client)

Tip: Need your database queries to be 1000x faster? Accelerate offers you that and more: https://pris.ly/tip-2-accelerate

node.exe :  ΓÜá 
Warning: Next.js 
inferred your 
workspace root, but 
it may not be correct.
At line:1 char:1
+ & "C:\Program Files\
nodejs/node.exe" 
"C:\Program 
Files\nodejs/node_mo 
...
+ ~~~~~~~~~~~~~~~~~~~~
~~~~~~~~~~~~~~~~~~~~~~
~~~~~~~~~~~~~~~~~~~~~~
~~~~~
    + CategoryInfo    
          : NotSpeci  
  fied: ( ΓÜá Warni   
 ng: N...not be co    
rrect.:String) []    
, RemoteException
    + FullyQualifiedE 
   rrorId : NativeCo  
  mmandError
 
 We detected multiple 
lockfiles and 
selected the 
directory of C:\Users\
Admin\package-lock.jso
n as the root 
directory.
 To silence this 
warning, set `outputFi
leTracingRoot` in 
your Next.js config, 
or consider removing 
one of the lockfiles 
if it's not needed.
   See https://nextjs.
org/docs/app/api-refer
ence/config/next-confi
g-js/output#caveats 
for more information.
 Detected additional 
lockfiles: 
   * C:\Users\Admin\Do
wnloads\save-my-confer
ence-main\save-my-conf
erence-main\package-lo
ck.json

   Γû▓ Next.js 15.5.12
   - Experiments (use with caution):
     ┬╖ serverActions

   Creating an optimized production build ...
 Γ£ô Compiled successfully in 2.4s
   Linting and checking validity of types ...
   Collecting page data ...
   Generating static pages (0/22) ...
   Generating static pages (5/22) 
prisma:error 
Invalid `prisma.user.findUnique()` invocation:


error: Environment variable not found: DATABASE_URL.
  -->  schema.prisma:7
   | 
 6 |   provider = "postgresql"
 7 |   url      = env("DATABASE_URL")
   | 

Validation Error Count: 1
Error occurred 
prerendering page 
"/_not-found". Read 
more: https://nextjs.o
rg/docs/messages/prere
nder-error
Error [PrismaClientIni
tializationError]: 
Invalid `prisma.user.f
indUnique()` 
invocation:


error: Environment 
variable not found: 
DATABASE_URL.
  -->  schema.prisma:7
   | 
 6 |   provider = 
"postgresql"
 7 |   url      = 
env("DATABASE_URL")
   | 

Validation Error 
Count: 1
    at <unknown> (--> 
 schema.prisma:7)
    at async j (C:\Use
rs\Admin\Downloads\sav
e-my-conference-main\s
ave-my-conference-main
\.next\server\app\_not
-found\page.js:2:10293
)
    at async l (C:\Use
rs\Admin\Downloads\sav
e-my-conference-main\s
ave-my-conference-main
\.next\server\app\_not
-found\page.js:2:10609
) {
  clientVersion: 
'6.19.2',
  errorCode: 
undefined,
  retryable: 
undefined,
  digest: '817918056'
}
Export encountered an 
error on 
/_not-found/page: 
/_not-found, exiting 
the build.
 Γ¿» Next.js build 
worker exited with 
code: 1 and signal: 
null
